[31/07/26] [08:20:31] Starting FOnline Minimal Multiplayer
[31/07/26] [08:20:31] Apply config ../../FOnlineMinimalMultiplayer.fomain
[31/07/26] [08:20:31] Version: 0.1.0
[31/07/26] [08:20:31] Prebake resources
[31/07/26] [08:20:31] Start server
[31/07/26] [08:20:31] Updater version: 2
[31/07/26] [08:20:31] Compatibility version: bd476f0aaa9ff51d
[31/07/26] [08:20:31] [ServerStarter] Initialize script system
[31/07/26] [08:20:31] [ServerStarter] Start networking
[31/07/26] [08:20:31] [ServerStarter] Listen TCP connections on port 4010
[31/07/26] [08:20:31] [ServerStarter] Listen WebSockets (no TLS) connections on port 4011
[31/07/26] [08:20:31] [ServerStarter] Connect to Memory data base
[31/07/26] [08:20:31] [ServerStarter] Pending database changes successfully restored, total 0 commands replayed
[31/07/26] [08:20:31] [ServerStarter] Setup engine
[31/07/26] [08:20:31] [ServerStarter] Load language data
[31/07/26] [08:20:31] [ServerStarter] Load maps data
[31/07/26] [08:20:31] [ServerStarter] Skip updater backend initialization in unpackaged mode
[31/07/26] [08:20:31] [ServerStarter] Start game logic
[31/07/26] [08:20:31] [ServerStarter] Init script modules
[31/07/26] [08:20:31] [ServerStarter] Generate world
[31/07/26] [08:20:31] [ServerStarter] Start world
[31/07/26] [08:20:31] [ServerStarter] tutorial_server_started
[31/07/26] [08:20:31] [ServerStarter] Start server complete!
[31/07/26] [08:20:33] [Network-Asio] New connection from ::ffff:127.0.0.1:62116
[31/07/26] [08:20:33] [ServerPool-1] Connected client ::ffff:127.0.0.1 for binary target Windows-win64
[31/07/26] [08:20:33] [ServerPool-1] Create critter TutorialPlayer
[31/07/26] [08:20:33] [ServerPool-1] Switch player TutorialPlayer to critter TutorialPlayer
[31/07/26] [08:20:33] [ServerPool-1] tutorial_server_world_ready
