[31/07/26] [08:19:22] Starting FOnline Minimal Multiplayer
[31/07/26] [08:19:22] Apply config ../../FOnlineMinimalMultiplayer.fomain
[31/07/26] [08:19:22] Version: 0.1.0
[31/07/26] [08:19:22] Prebake resources
[31/07/26] [08:19:22] Start server
[31/07/26] [08:19:22] Updater version: 2
[31/07/26] [08:19:22] Compatibility version: bd476f0aaa9ff51d
[31/07/26] [08:19:22] [ServerStarter] Initialize script system
[31/07/26] [08:19:22] [ServerStarter] Start networking
[31/07/26] [08:19:22] [ServerStarter] Listen TCP connections on port 4010
[31/07/26] [08:19:22] [ServerStarter] Listen WebSockets (no TLS) connections on port 4011
[31/07/26] [08:19:22] [ServerStarter] Connect to Memory data base
[31/07/26] [08:19:22] [ServerStarter] Pending database changes successfully restored, total 0 commands replayed
[31/07/26] [08:19:22] [ServerStarter] Setup engine
[31/07/26] [08:19:22] [ServerStarter] Load language data
[31/07/26] [08:19:22] [ServerStarter] Load maps data
[31/07/26] [08:19:22] [ServerStarter] Skip updater backend initialization in unpackaged mode
[31/07/26] [08:19:22] [ServerStarter] Start game logic
[31/07/26] [08:19:22] [ServerStarter] Init script modules
[31/07/26] [08:19:22] [ServerStarter] Generate world
[31/07/26] [08:19:22] [ServerStarter] Start world
[31/07/26] [08:19:22] [ServerStarter] tutorial_server_started
[31/07/26] [08:19:22] [ServerStarter] Start server complete!
[31/07/26] [08:19:24] [Network-Asio] New connection from ::ffff:127.0.0.1:61827
[31/07/26] [08:19:24] [ServerPool-1] Connected client ::ffff:127.0.0.1 for binary target Windows-win64
[31/07/26] [08:19:24] [ServerPool-0] Create critter TutorialPlayer
[31/07/26] [08:19:24] [ServerPool-0] Switch player TutorialPlayer to critter TutorialPlayer
[31/07/26] [08:19:24] [ServerPool-0] tutorial_server_world_ready
